This is pdfTeX, Version 3.141592653-2.6-1.40.27 (MiKTeX 25.4) (preloaded format=pdflatex 2025.12.21)  14 AUG 2026 16:23
entering extended mode
 restricted \write18 enabled.
 %&-line parsing enabled.
**./thesis.tex
(thesis.tex
LaTeX2e <2025-06-01> patch level 1
L3 programming layer <2025-08-13>
(C:\Users\joshe\AppData\Local\Programs\MiKTeX\tex/latex/base\report.cls
Document Class: report 2025/01/22 v1.4n Standard LaTeX document class
(C:\Users\joshe\AppData\Local\Programs\MiKTeX\tex/latex/base\size12.clo
File: size12.clo 2025/01/22 v1.4n Standard LaTeX file (size option)
)
\c@part=\count275
\c@chapter=\count276
\c@section=\count277
\c@subsection=\count278
\c@subsubsection=\count279
\c@paragraph=\count280
\c@subparagraph=\count281
\c@figure=\count282
\c@table=\count283
\abovecaptionskip=\skip49
\belowcaptionskip=\skip50
\bibindent=\dimen148
) (tcdthesis.sty
****************************************************************
** TCD Thesis Style File, version 2.0, March 2005 
** Written by Dinesh Das 
** Dept. of Computer Sciences 
** The University of Texas at Austin 
** Modified by Bert Kay, James A. Bednar, and Ayman El-Khashab 
** Modified by Ross Brennan, Zachary Diebold, Glenn Strong 
** for use in Trinity College Dublin 
****************************************************************
\@tmplength=\skip51
\hour=\count284
\minute=\count285
\dow=\count286
\leap=\count287
\x=\count288
\y=\count289
) (C:\Users\joshe\AppData\Local\Programs\MiKTeX\tex/latex/graphics\graphicx.sty
Package: graphicx 2024/12/31 v1.2e Enhanced LaTeX Graphics (DPC,SPQR)
(C:\Users\joshe\AppData\Local\Programs\MiKTeX\tex/latex/graphics\keyval.sty
Package: keyval 2022/05/29 v1.15 key=value parser (DPC)
\KV@toks@=\toks17
) (C:\Users\joshe\AppData\Local\Programs\MiKTeX\tex/latex/graphics\graphics.sty
Package: graphics 2024/08/06 v1.4g Standard LaTeX Graphics (DPC,SPQR)
(C:\Users\joshe\AppData\Local\Programs\MiKTeX\tex/latex/graphics\trig.sty
Package: trig 2023/12/02 v1.11 sin cos tan (DPC)
)
(C:\Users\joshe\AppData\Local\Programs\MiKTeX\tex/latex/graphics-cfg\graphics.c
fg
File: graphics.cfg 2016/06/04 v1.11 sample graphics configuration
)
Package graphics Info: Driver file: pdftex.def on input line 106.

(C:\Users\joshe\AppData\Local\Programs\MiKTeX\tex/latex/graphics-def\pdftex.def
File: pdftex.def 2024/04/13 v1.2c Graphics/color driver for pdftex
))
\Gin@req@height=\dimen149
\Gin@req@width=\dimen150
) (C:\Users\joshe\AppData\Local\Programs\MiKTeX\tex/latex/graphics\color.sty
Package: color 2025/01/14 v1.3e Standard LaTeX Color (DPC)
(C:\Users\joshe\AppData\Local\Programs\MiKTeX\tex/latex/graphics-cfg\color.cfg
File: color.cfg 2016/01/02 v1.6 sample color configuration
)
Package color Info: Driver file: pdftex.def on input line 149.
(C:\Users\joshe\AppData\Local\Programs\MiKTeX\tex/latex/graphics\mathcolor.ltx)
) (C:\Users\joshe\AppData\Local\Programs\MiKTeX\tex/latex/anysize\anysize.sty
Package: anysize 1994/08/13 setting margin sizes
document style option `anysize' loaded
Michael Salzenberg, Thomas Esser, Dirk Hillbrecht
Version 1.0, Aug 13, 1994
\@Leftmargin=\dimen151
\@Rightmargin=\dimen152
\@Topmargin=\dimen153
\@Bottommargin=\dimen154
) (C:\Users\joshe\AppData\Local\Programs\MiKTeX\tex/latex/amsmath\amsmath.sty
Package: amsmath 2025/06/16 v2.17y AMS math features
\@mathmargin=\skip52
For additional information on amsmath, use the `?' option.
(C:\Users\joshe\AppData\Local\Programs\MiKTeX\tex/latex/amsmath\amstext.sty
Package: amstext 2024/11/17 v2.01 AMS text
(C:\Users\joshe\AppData\Local\Programs\MiKTeX\tex/latex/amsmath\amsgen.sty
File: amsgen.sty 1999/11/30 v2.0 generic functions
\@emptytoks=\toks18
\ex@=\dimen155
)) (C:\Users\joshe\AppData\Local\Programs\MiKTeX\tex/latex/amsmath\amsbsy.sty
Package: amsbsy 1999/11/29 v1.2d Bold Symbols
\pmbraise@=\dimen156
) (C:\Users\joshe\AppData\Local\Programs\MiKTeX\tex/latex/amsmath\amsopn.sty
Package: amsopn 2022/04/08 v2.04 operator names
)
\inf@bad=\count290
LaTeX Info: Redefining \frac on input line 233.
\uproot@=\count291
\leftroot@=\count292
LaTeX Info: Redefining \overline on input line 398.
LaTeX Info: Redefining \colon on input line 409.
\classnum@=\count293
\DOTSCASE@=\count294
LaTeX Info: Redefining \ldots on input line 495.
LaTeX Info: Redefining \dots on input line 498.
LaTeX Info: Redefining \cdots on input line 619.
\Mathstrutbox@=\box53
\strutbox@=\box54
LaTeX Info: Redefining \big on input line 721.
LaTeX Info: Redefining \Big on input line 722.
LaTeX Info: Redefining \bigg on input line 723.
LaTeX Info: Redefining \Bigg on input line 724.
\big@size=\dimen157
LaTeX Font Info:    Redeclaring font encoding OML on input line 742.
LaTeX Font Info:    Redeclaring font encoding OMS on input line 743.
\macc@depth=\count295
LaTeX Info: Redefining \bmod on input line 904.
LaTeX Info: Redefining \pmod on input line 909.
LaTeX Info: Redefining \smash on input line 939.
LaTeX Info: Redefining \relbar on input line 969.
LaTeX Info: Redefining \Relbar on input line 970.
\c@MaxMatrixCols=\count296
\dotsspace@=\muskip17
\c@parentequation=\count297
\dspbrk@lvl=\count298
\tag@help=\toks19
\row@=\count299
\column@=\count300
\maxfields@=\count301
\andhelp@=\toks20
\eqnshift@=\dimen158
\alignsep@=\dimen159
\tagshift@=\dimen160
\tagwidth@=\dimen161
\totwidth@=\dimen162
\lineht@=\dimen163
\@envbody=\toks21
\multlinegap=\skip53
\multlinetaggap=\skip54
\mathdisplay@stack=\toks22
LaTeX Info: Redefining \[ on input line 2949.
LaTeX Info: Redefining \] on input line 2950.
) (C:\Users\joshe\AppData\Local\Programs\MiKTeX\tex/latex/natbib\natbib.sty
Package: natbib 2010/09/13 8.31b (PWD, AO)
\bibhang=\skip55
\bibsep=\skip56
LaTeX Info: Redefining \cite on input line 694.
\c@NAT@ctr=\count302
) (C:\Users\joshe\AppData\Local\Programs\MiKTeX\tex/latex/caption\caption.sty
Package: caption 2023/08/05 v3.6o Customizing captions (AR)
(C:\Users\joshe\AppData\Local\Programs\MiKTeX\tex/latex/caption\caption3.sty
Package: caption3 2023/07/31 v2.4d caption3 kernel (AR)
\caption@tempdima=\dimen164
\captionmargin=\dimen165
\caption@leftmargin=\dimen166
\caption@rightmargin=\dimen167
\caption@width=\dimen168
\caption@indent=\dimen169
\caption@parindent=\dimen170
\caption@hangindent=\dimen171
Package caption Info: Standard document class detected.
)
\c@caption@flags=\count303
\c@continuedfloat=\count304
) (C:\Users\joshe\AppData\Local\Programs\MiKTeX\tex/latex/hyperref\hyperref.sty
Package: hyperref 2025-07-12 v7.01o Hypertext links for LaTeX
(C:\Users\joshe\AppData\Local\Programs\MiKTeX\tex/generic/iftex\iftex.sty
Package: iftex 2024/12/12 v1.0g TeX engine tests
)
(C:\Users\joshe\AppData\Local\Programs\MiKTeX\tex/latex/kvsetkeys\kvsetkeys.sty
Package: kvsetkeys 2022-10-05 v1.19 Key value parser (HO)
)
(C:\Users\joshe\AppData\Local\Programs\MiKTeX\tex/generic/kvdefinekeys\kvdefine
keys.sty
Package: kvdefinekeys 2019-12-19 v1.6 Define keys (HO)
)
(C:\Users\joshe\AppData\Local\Programs\MiKTeX\tex/generic/pdfescape\pdfescape.s
ty
Package: pdfescape 2019/12/09 v1.15 Implements pdfTeX's escape features (HO)
(C:\Users\joshe\AppData\Local\Programs\MiKTeX\tex/generic/ltxcmds\ltxcmds.sty
Package: ltxcmds 2023-12-04 v1.26 LaTeX kernel commands for general use (HO)
)
(C:\Users\joshe\AppData\Local\Programs\MiKTeX\tex/generic/pdftexcmds\pdftexcmds
.sty
Package: pdftexcmds 2020-06-27 v0.33 Utility functions of pdfTeX for LuaTeX (HO
)

(C:\Users\joshe\AppData\Local\Programs\MiKTeX\tex/generic/infwarerr\infwarerr.s
ty
Package: infwarerr 2019/12/03 v1.5 Providing info/warning/error messages (HO)
)
Package pdftexcmds Info: \pdf@primitive is available.
Package pdftexcmds Info: \pdf@ifprimitive is available.
Package pdftexcmds Info: \pdfdraftmode found.
)) (C:\Users\joshe\AppData\Local\Programs\MiKTeX\tex/latex/hycolor\hycolor.sty
Package: hycolor 2020-01-27 v1.10 Color options for hyperref/bookmark (HO)
) (C:\Users\joshe\AppData\Local\Programs\MiKTeX\tex/latex/hyperref\nameref.sty
Package: nameref 2025-06-21 v2.57 Cross-referencing by name of section
(C:\Users\joshe\AppData\Local\Programs\MiKTeX\tex/latex/refcount\refcount.sty
Package: refcount 2019/12/15 v3.6 Data extraction from label references (HO)
)
(C:\Users\joshe\AppData\Local\Programs\MiKTeX\tex/generic/gettitlestring\gettit
lestring.sty
Package: gettitlestring 2019/12/15 v1.6 Cleanup title references (HO)

(C:\Users\joshe\AppData\Local\Programs\MiKTeX\tex/latex/kvoptions\kvoptions.sty
Package: kvoptions 2022-06-15 v3.15 Key value format for package options (HO)
))
\c@section@level=\count305
) (C:\Users\joshe\AppData\Local\Programs\MiKTeX\tex/latex/etoolbox\etoolbox.sty
Package: etoolbox 2025/02/11 v2.5l e-TeX tools for LaTeX (JAW)
\etb@tempcnta=\count306
)
(C:\Users\joshe\AppData\Local\Programs\MiKTeX\tex/generic/stringenc\stringenc.s
ty
Package: stringenc 2019/11/29 v1.12 Convert strings between diff. encodings (HO
)
)
\@linkdim=\dimen172
\Hy@linkcounter=\count307
\Hy@pagecounter=\count308
(C:\Users\joshe\AppData\Local\Programs\MiKTeX\tex/latex/hyperref\pd1enc.def
File: pd1enc.def 2025-07-12 v7.01o Hyperref: PDFDocEncoding definition (HO)
Now handling font encoding PD1 ...
... no UTF-8 mapping file for font encoding PD1
) (C:\Users\joshe\AppData\Local\Programs\MiKTeX\tex/generic/intcalc\intcalc.sty
Package: intcalc 2019/12/15 v1.3 Expandable calculations with integers (HO)
)
\Hy@SavedSpaceFactor=\count309
(C:\Users\joshe\AppData\Local\Programs\MiKTeX\tex/latex/hyperref\puenc.def
File: puenc.def 2025-07-12 v7.01o Hyperref: PDF Unicode definition (HO)
Now handling font encoding PU ...
... no UTF-8 mapping file for font encoding PU
)
Package hyperref Info: Hyper figures OFF on input line 4195.
Package hyperref Info: Link nesting OFF on input line 4200.
Package hyperref Info: Hyper index ON on input line 4203.
Package hyperref Info: Plain pages OFF on input line 4210.
Package hyperref Info: Backreferencing OFF on input line 4215.
Package hyperref Info: Implicit mode ON; LaTeX internals redefined.
Package hyperref Info: Bookmarks ON on input line 4462.
\c@Hy@tempcnt=\count310
(C:\Users\joshe\AppData\Local\Programs\MiKTeX\tex/latex/url\url.sty
\Urlmuskip=\muskip18
Package: url 2013/09/16  ver 3.4  Verb mode for urls, etc.
)
LaTeX Info: Redefining \url on input line 4801.
\XeTeXLinkMargin=\dimen173
(C:\Users\joshe\AppData\Local\Programs\MiKTeX\tex/generic/bitset\bitset.sty
Package: bitset 2019/12/09 v1.3 Handle bit-vector datatype (HO)

(C:\Users\joshe\AppData\Local\Programs\MiKTeX\tex/generic/bigintcalc\bigintcalc
.sty
Package: bigintcalc 2019/12/15 v1.5 Expandable calculations on big integers (HO
)
))
\Fld@menulength=\count311
\Field@Width=\dimen174
\Fld@charsize=\dimen175
Package hyperref Info: Hyper figures OFF on input line 6078.
Package hyperref Info: Link nesting OFF on input line 6083.
Package hyperref Info: Hyper index ON on input line 6086.
Package hyperref Info: backreferencing OFF on input line 6093.
Package hyperref Info: Link coloring OFF on input line 6098.
Package hyperref Info: Link coloring with OCG OFF on input line 6103.
Package hyperref Info: PDF/A mode OFF on input line 6108.
\Hy@abspage=\count312
\c@Item=\count313
\c@Hfootnote=\count314
)
Package hyperref Info: Driver (autodetected): hpdftex.
(C:\Users\joshe\AppData\Local\Programs\MiKTeX\tex/latex/hyperref\hpdftex.def
File: hpdftex.def 2025-07-12 v7.01o Hyperref driver for pdfTeX
\Fld@listcount=\count315
\c@bookmark@seq@number=\count316

(C:\Users\joshe\AppData\Local\Programs\MiKTeX\tex/latex/rerunfilecheck\rerunfil
echeck.sty
Package: rerunfilecheck 2025-06-21 v1.11 Rerun checks for auxiliary files (HO)

(C:\Users\joshe\AppData\Local\Programs\MiKTeX\tex/generic/uniquecounter\uniquec
ounter.sty
Package: uniquecounter 2019/12/15 v1.4 Provide unlimited unique counter (HO)
)
Package uniquecounter Info: New unique counter `rerunfilecheck' on input line 2
84.
)
\Hy@SectionHShift=\skip57
) (C:\Users\joshe\AppData\Local\Programs\MiKTeX\tex/latex/listings\listings.sty
\lst@mode=\count317
\lst@gtempboxa=\box55
\lst@token=\toks23
\lst@length=\count318
\lst@currlwidth=\dimen176
\lst@column=\count319
\lst@pos=\count320
\lst@lostspace=\dimen177
\lst@width=\dimen178
\lst@newlines=\count321
\lst@lineno=\count322
\lst@maxwidth=\dimen179
(C:\Users\joshe\AppData\Local\Programs\MiKTeX\tex/latex/listings\lstpatch.sty
File: lstpatch.sty 2024/09/23 1.10c (Carsten Heinz)
) (C:\Users\joshe\AppData\Local\Programs\MiKTeX\tex/latex/listings\lstmisc.sty
File: lstmisc.sty 2024/09/23 1.10c (Carsten Heinz)
\c@lstnumber=\count323
\lst@skipnumbers=\count324
\lst@framebox=\box56
) (C:\Users\joshe\AppData\Local\Programs\MiKTeX\tex/latex/listings\listings.cfg
File: listings.cfg 2024/09/23 1.10c listings configuration
))
Package: listings 2024/09/23 1.10c (Carsten Heinz)
(C:\Users\joshe\AppData\Local\Programs\MiKTeX\tex/latex/float\float.sty
Package: float 2001/11/08 v1.3d Float enhancements (AL)
\c@float@type=\count325
\float@exts=\toks24
\float@box=\box57
\@float@everytoks=\toks25
\@floatcapt=\box58
)
(C:\Users\joshe\AppData\Local\Programs\MiKTeX\tex/latex/glossaries/base\glossar
ies.sty
Package: glossaries 2025/08/11 v4.8 (NLCT)
(C:\Users\joshe\AppData\Local\Programs\MiKTeX\tex/latex/base\ifthen.sty
Package: ifthen 2024/03/16 v1.1e Standard LaTeX ifthen package (DPC)
) (C:\Users\joshe\AppData\Local\Programs\MiKTeX\tex/latex/xkeyval\xkeyval.sty
Package: xkeyval 2022/06/16 v2.9 package option processing (HA)
(C:\Users\joshe\AppData\Local\Programs\MiKTeX\tex/generic/xkeyval\xkeyval.tex (
C:\Users\joshe\AppData\Local\Programs\MiKTeX\tex/generic/xkeyval\xkvutils.tex
\XKV@toks=\toks26
\XKV@tempa@toks=\toks27
)
\XKV@depth=\count326
File: xkeyval.tex 2014/12/03 v2.7a key=value parser (HA)
)) (C:\Users\joshe\AppData\Local\Programs\MiKTeX\tex/latex/mfirstuc\mfirstuc.st
y
Package: mfirstuc 2025/04/03 v2.09 (NLCT)
\@glsmfirst=\toks28
\@glsmrest=\toks29
) (C:\Users\joshe\AppData\Local\Programs\MiKTeX\tex/latex/xfor\xfor.sty
Package: xfor 2009/02/05 v1.05 (NLCT)
)
(C:\Users\joshe\AppData\Local\Programs\MiKTeX\tex/latex/datatool\datatool-base.
sty
Package: datatool-base 2025/04/25 v3.4.1 (NLCT)

(C:\Users\joshe\AppData\Local\Programs\MiKTeX\tex/latex/tracklang\tracklang.sty
Package: tracklang 2025/03/11 v1.6.6 (NLCT) Track Languages

(C:\Users\joshe\AppData\Local\Programs\MiKTeX\tex/generic/tracklang\tracklang.t
ex))
(C:\Users\joshe\AppData\Local\Programs\MiKTeX\tex/latex/datatool\datatool-l3fp.
def
File: datatool-l3fp.def 2025/04/25 v3.4.1 (NLCT)
)
\@dtl@toks=\toks30
\@dtl@tmpcount=\count327
\dtl@tmplength=\skip58
\l__datatool_measure_box=\box59
\dtl@sortresult=\count328

(C:\Users\joshe\AppData\Local\Programs\MiKTeX\tex/latex/datatool\datatool-utf8.
ldf
File: datatool-utf8.ldf 2025/04/25 v3.4.1 (NLCT)
)
\@dtl@datatype=\count329
\l__datatool_tmpa_int=\count330
\l__datatool_tmpb_int=\count331
\l__datatool_tmpc_int=\count332
\l__datatool_tmpd_int=\count333
\l__datatool_count_int=\count334
\l__datatool_tmp_datatype_int=\count335
\l__datatool_tmpa_dim=\dimen180
\l__datatool_tmpb_dim=\dimen181
\c_datatool_unknown_int=\count336
\l__datatool_year_int=\count337
\l__datatool_month_int=\count338
\l__datatool_day_int=\count339
\l__datatool_hour_int=\count340
\l__datatool_minute_int=\count341
\l__datatool_second_int=\count342
\l__datatool_tzhour_int=\count343
\l__datatool_tzminute_int=\count344
\l__datatool_julian_int=\count345
\l__datatool_local_julian_int=\count346
\l__datatool_prefix_int=\count347
\l__datatool_suffix_int=\count348
\@dtl@foreach@level=\count349
\dtl@codeA=\count350
\dtl@codeB=\count351
)
\gls@level=\count352
\@gls@tmpb=\toks31
\gls@tmplen=\skip59
\l__glossaries_tmpa_dim=\dimen182
\l__glossaries_tmpb_dim=\dimen183
\glskeylisttok=\toks32
\glslabeltok=\toks33
\glsshorttok=\toks34
\glslongtok=\toks35

(C:\Users\joshe\AppData\Local\Programs\MiKTeX\tex/latex/glossaries/styles\gloss
ary-hypernav.sty
Package: glossary-hypernav 2025/08/11 v4.8 (NLCT)
)
(C:\Users\joshe\AppData\Local\Programs\MiKTeX\tex/latex/glossaries/styles\gloss
ary-list.sty
Package: glossary-list 2025/08/11 v4.8 (NLCT)
\glslistdottedwidth=\skip60
)
(C:\Users\joshe\AppData\Local\Programs\MiKTeX\tex/latex/glossaries/styles\gloss
ary-long.sty
Package: glossary-long 2025/08/11 v4.8 (NLCT)
(C:\Users\joshe\AppData\Local\Programs\MiKTeX\tex/latex/tools\longtable.sty
Package: longtable 2024-12-18 v4.23 Multi-page Table package (DPC)
\LTleft=\skip61
\LTright=\skip62
\LTpre=\skip63
\LTpost=\skip64
\LTchunksize=\count353
\LTcapwidth=\dimen184
\LT@head=\box60
\LT@firsthead=\box61
\LT@foot=\box62
\LT@lastfoot=\box63
\LT@gbox=\box64
\LT@cols=\count354
\LT@rows=\count355
\c@LT@tables=\count356
\c@LT@chunks=\count357
\LT@p@ftn=\toks36
)
\glsdescwidth=\skip65
\glspagelistwidth=\skip66
)
(C:\Users\joshe\AppData\Local\Programs\MiKTeX\tex/latex/glossaries/styles\gloss
ary-super.sty
Package: glossary-super 2025/08/11 v4.8 (NLCT)

(C:\Users\joshe\AppData\Local\Programs\MiKTeX\tex/latex/supertabular\supertabul
ar.sty
Package: supertabular 2024/07/20 v4.2c the supertabular environment
\c@tracingst=\count358
\ST@wd=\dimen185
\ST@rightskip=\skip67
\ST@leftskip=\skip68
\ST@parfillskip=\skip69
\ST@pageleft=\dimen186
\ST@headht=\dimen187
\ST@tailht=\dimen188
\ST@pagesofar=\dimen189
\ST@pboxht=\dimen190
\ST@rowht=\dimen191
\ST@prevht=\dimen192
\ST@toadd=\dimen193
\ST@dimen=\dimen194
\ST@pbox=\box65
))
(C:\Users\joshe\AppData\Local\Programs\MiKTeX\tex/latex/glossaries/styles\gloss
ary-tree.sty
Package: glossary-tree 2025/08/11 v4.8 (NLCT)
\l__glossaries_tree_max_known_level_int=\count359
\l__glossaries_tree_offset_dim=\dimen195
\l__glossaries_tree_namewidth_dim=\dimen196
\l__glossaries_tree_symbolwidth_dim=\dimen197
\l__glossaries_tree_prenamesym_width_dim=\dimen198
\l__glossaries_tree_presubnamesym_width_dim=\dimen199
\l__glossaries_tree_namewidth_padding_dim=\dimen256
\l__glossaries_tree_symbolwidth_padding_dim=\dimen257
\l__glossaries_tree_namesymbolwidth_dim=\dimen258
\l__glossaries_tree_namesymbolwidth_padding_dim=\dimen259
\l__glossaries_tree_level_int=\count360
\glstreeindent=\skip70
)) (C:\Users\joshe\AppData\Local\Programs\MiKTeX\tex/latex/fancyhdr\fancyhdr.st
y
Package: fancyhdr 2025/02/07 v5.2 Extensive control of page headers and footers

\f@nch@headwidth=\skip71
\f@nch@offset@elh=\skip72
\f@nch@offset@erh=\skip73
\f@nch@offset@olh=\skip74
\f@nch@offset@orh=\skip75
\f@nch@offset@elf=\skip76
\f@nch@offset@erf=\skip77
\f@nch@offset@olf=\skip78
\f@nch@offset@orf=\skip79
\f@nch@height=\skip80
\f@nch@footalignment=\skip81
\f@nch@widthL=\skip82
\f@nch@widthC=\skip83
\f@nch@widthR=\skip84
\@temptokenb=\toks37
) (C:\Users\joshe\AppData\Local\Programs\MiKTeX\tex/latex/pdfpages\pdfpages.sty
Package: pdfpages 2025/07/23 v0.6g Insert pages of external PDF documents (AM)
(C:\Users\joshe\AppData\Local\Programs\MiKTeX\tex/latex/tools\calc.sty
Package: calc 2025/03/01 v4.3b Infix arithmetic (KKT,FJ)
\calc@Acount=\count361
\calc@Bcount=\count362
\calc@Adimen=\dimen260
\calc@Bdimen=\dimen261
\calc@Askip=\skip85
\calc@Bskip=\skip86
LaTeX Info: Redefining \setlength on input line 86.
LaTeX Info: Redefining \addtolength on input line 87.
\calc@Ccount=\count363
\calc@Cskip=\skip87
) (C:\Users\joshe\AppData\Local\Programs\MiKTeX\tex/latex/eso-pic\eso-pic.sty
Package: eso-pic 2023/05/03 v3.0c eso-pic (RN)
\ESO@tempdima=\dimen262
\ESO@tempdimb=\dimen263
)
\AM@pagewidth=\dimen264
\AM@pageheight=\dimen265
\AM@fboxrule=\dimen266
(C:\Users\joshe\AppData\Local\Programs\MiKTeX\tex/latex/pdfpages\pppdftex.def
File: pppdftex.def 2025/07/23 v0.6g Pdfpages driver for pdfTeX (AM)
)
\pdfpages@includegraphics@status=\count364
\AM@pagebox=\box66
\AM@global@opts=\toks38
\AM@pagecnt=\count365
\AM@toc@title=\toks39
\AM@lof@heading=\toks40
\c@AM@survey=\count366
\AM@templatesizebox=\box67
) (C:\Users\joshe\AppData\Local\Programs\MiKTeX\tex/latex/tools\tabularx.sty
Package: tabularx 2023/12/11 v2.12a `tabularx' package (DPC)
(C:\Users\joshe\AppData\Local\Programs\MiKTeX\tex/latex/tools\array.sty
Package: array 2025/06/08 v2.6j Tabular extension package (FMi)
\col@sep=\dimen267
\ar@mcellbox=\box68
\extrarowheight=\dimen268
\NC@list=\toks41
\extratabsurround=\skip88
\backup@length=\skip89
\ar@cellbox=\box69
)
\TX@col@width=\dimen269
\TX@old@table=\dimen270
\TX@old@col=\dimen271
\TX@target=\dimen272
\TX@delta=\dimen273
\TX@cols=\count367
\TX@ftn=\toks42
)
\glswrite=\write3
\glo@main@file=\write4
\openout4 = `thesis.glo'.

Package glossaries Info: Writing glossary file thesis.glo on input line 167.
\glo@acronym@file=\write5
\openout5 = `thesis.acn'.

Package glossaries Info: Writing glossary file thesis.acn on input line 167.

(C:\Users\joshe\AppData\Local\Programs\MiKTeX\tex/latex/l3backend\l3backend-pdf
tex.def
File: l3backend-pdftex.def 2025-06-09 L3 backend support: PDF output (pdfTeX)
\l__color_backend_stack_int=\count368
) (thesis.aux (Introduction.aux) (StateOfTheArt.aux) (Design.aux) (Implementati
on.aux) (Evaluation.aux) (Conclusions.aux) (appendix1.aux) (appendix4.aux))
\openout1 = `thesis.aux'.

LaTeX Font Info:    Checking defaults for OML/cmm/m/it on input line 181.
LaTeX Font Info:    ... okay on input line 181.
LaTeX Font Info:    Checking defaults for OMS/cmsy/m/n on input line 181.
LaTeX Font Info:    ... okay on input line 181.
LaTeX Font Info:    Checking defaults for OT1/cmr/m/n on input line 181.
LaTeX Font Info:    ... okay on input line 181.
LaTeX Font Info:    Checking defaults for T1/cmr/m/n on input line 181.
LaTeX Font Info:    ... okay on input line 181.
LaTeX Font Info:    Checking defaults for TS1/cmr/m/n on input line 181.
LaTeX Font Info:    ... okay on input line 181.
LaTeX Font Info:    Checking defaults for OMX/cmex/m/n on input line 181.
LaTeX Font Info:    ... okay on input line 181.
LaTeX Font Info:    Checking defaults for U/cmr/m/n on input line 181.
LaTeX Font Info:    ... okay on input line 181.
LaTeX Font Info:    Checking defaults for PD1/pdf/m/n on input line 181.
LaTeX Font Info:    ... okay on input line 181.
LaTeX Font Info:    Checking defaults for PU/pdf/m/n on input line 181.
LaTeX Font Info:    ... okay on input line 181.

(C:\Users\joshe\AppData\Local\Programs\MiKTeX\tex/context/base/mkii\supp-pdf.mk
ii
[Loading MPS to PDF converter (version 2006.09.02).]
\scratchcounter=\count369
\scratchdimen=\dimen274
\scratchbox=\box70
\nofMPsegments=\count370
\nofMParguments=\count371
\everyMPshowfont=\toks43
\MPscratchCnt=\count372
\MPscratchDim=\dimen275
\MPnumerator=\count373
\makeMPintoPDFobject=\count374
\everyMPtoPDFconversion=\toks44
)
(C:\Users\joshe\AppData\Local\Programs\MiKTeX\tex/latex/epstopdf-pkg\epstopdf-b
ase.sty
Package: epstopdf-base 2020-01-24 v2.11 Base part for package epstopdf
Package epstopdf-base Info: Redefining graphics rule for `.eps' on input line 4
85.

(C:\Users\joshe\AppData\Local\Programs\MiKTeX\tex/latex/00miktex\epstopdf-sys.c
fg
File: epstopdf-sys.cfg 2021/03/18 v2.0 Configuration of epstopdf for MiKTeX
))
Package caption Info: Begin \AtBeginDocument code.
Package caption Info: float package is loaded.
Package caption Info: hyperref package is loaded.
Package caption Info: listings package is loaded.
Package caption Info: longtable package is loaded.
(C:\Users\joshe\AppData\Local\Programs\MiKTeX\tex/latex/caption\ltcaption.sty
Package: ltcaption 2021/01/08 v1.4c longtable captions (AR)
)
Package caption Info: supertabular package is loaded.
Package caption Info: End \AtBeginDocument code.
Package hyperref Info: Link coloring OFF on input line 181.
(thesis.out) (thesis.out)
\@outlinefile=\write6
\openout6 = `thesis.out'.

\c@lstlisting=\count375

(C:\Users\joshe\AppData\Local\Programs\MiKTeX\tex/latex/pdflscape\pdflscape.sty
Package: pdflscape 2022-10-27 v0.13 Display of landscape pages in PDF

(C:\Users\joshe\AppData\Local\Programs\MiKTeX\tex/latex/pdflscape\pdflscape-nom
etadata.sty
Package: pdflscape-nometadata 2022-10-28 v0.13 Display of landscape pages in PD
F (HO)
(C:\Users\joshe\AppData\Local\Programs\MiKTeX\tex/latex/graphics\lscape.sty
Package: lscape 2020/05/28 v3.02 Landscape Pages (DPC)
)
Package pdflscape Info: Auto-detected driver: pdftex on input line 81.
))
<title/Trinity_RGB_transparent_main.png, id=258, 412.6617pt x 142.3719pt>
File: title/Trinity_RGB_transparent_main.png Graphic file (type png)
<use title/Trinity_RGB_transparent_main.png>
Package pdftex.def Info: title/Trinity_RGB_transparent_main.png  used on input 
line 183.
(pdftex.def)             Requested size: 412.66068pt x 142.37154pt.


[1

\openout3 = `thesis.ist'.

{C:/Users/joshe/AppData/Local/MiKTeX/fonts/map/pdftex/pdftex.map} <./title/Trin
ity_RGB_transparent_main.png>]
Underfull \hbox (badness 10000) in paragraph at lines 186--186

 []




pdfTeX warning (ext4): destination with the same identifier (name{page.i}) has 
been already used, duplicate ignored
<to be read again> 
                   \relax 
l.186 \thesisdeclarationpage
                                                        %% Generate the decl...
[1

]
Underfull \hbox (badness 10000) in paragraph at lines 188--188

 []


Underfull \hbox (badness 10000) in paragraph at lines 188--188

 []


Underfull \hbox (badness 10000) in paragraph at lines 188--188

 []



[2]

[3

]

[4

] (thesis.toc

[5

]

[6])
\tf@toc=\write7
\openout7 = `thesis.toc'.



[7] (thesis.lot)
\tf@lot=\write8
\openout8 = `thesis.lot'.



[8


] (thesis.lof)
\tf@lof=\write9
\openout9 = `thesis.lof'.

(thesis.acr

[9


]

[10])

[11


]
\openout2 = `Introduction.aux'.

(Introduction.tex
Chapter 1.

Underfull \hbox (badness 10000) in paragraph at lines 4--5

 []


Underfull \hbox (badness 10000) in paragraph at lines 6--9

 []



[1


]
Underfull \hbox (badness 10000) in paragraph at lines 10--12

 []


Underfull \hbox (badness 10000) in paragraph at lines 13--14

 []


Underfull \hbox (badness 10000) in paragraph at lines 15--16

 []


Underfull \hbox (badness 10000) in paragraph at lines 17--18

 []


Underfull \hbox (badness 10000) in paragraph at lines 19--20

 []




Package fancyhdr Warning: \headheight is too small (12.0pt): 
(fancyhdr)                Make it at least 14.49998pt, for example:
(fancyhdr)                \setlength{\headheight}{14.49998pt}.
(fancyhdr)                You might also make \topmargin smaller:
(fancyhdr)                \addtolength{\topmargin}{-2.49998pt}.

[2])


Package fancyhdr Warning: \headheight is too small (12.0pt): 
(fancyhdr)                Make it at least 14.49998pt, for example:
(fancyhdr)                \setlength{\headheight}{14.49998pt}.
(fancyhdr)                You might also make \topmargin smaller:
(fancyhdr)                \addtolength{\topmargin}{-2.49998pt}.

[3]
\openout2 = `StateOfTheArt.aux'.

(StateOfTheArt.tex
Chapter 2.

Underfull \hbox (badness 10000) in paragraph at lines 13--14

 []



[4




]
Underfull \hbox (badness 10000) in paragraph at lines 19--21

 []


Underfull \hbox (badness 10000) in paragraph at lines 22--25

 []


Underfull \hbox (badness 10000) in paragraph at lines 26--27

 []




Package fancyhdr Warning: \headheight is too small (12.0pt): 
(fancyhdr)                Make it at least 14.49998pt, for example:
(fancyhdr)                \setlength{\headheight}{14.49998pt}.
(fancyhdr)                You might also make \topmargin smaller:
(fancyhdr)                \addtolength{\topmargin}{-2.49998pt}.

[5]
Underfull \hbox (badness 10000) in paragraph at lines 28--30

 []


Underfull \hbox (badness 10000) in paragraph at lines 31--33

 []


Underfull \hbox (badness 10000) in paragraph at lines 34--37

 []




Package fancyhdr Warning: \headheight is too small (12.0pt): 
(fancyhdr)                Make it at least 14.49998pt, for example:
(fancyhdr)                \setlength{\headheight}{14.49998pt}.
(fancyhdr)                You might also make \topmargin smaller:
(fancyhdr)                \addtolength{\topmargin}{-2.49998pt}.

[6]
Underfull \hbox (badness 10000) in paragraph at lines 42--43

 []


Underfull \hbox (badness 10000) in paragraph at lines 44--45

 []


Underfull \hbox (badness 10000) in paragraph at lines 46--47

 []




Package fancyhdr Warning: \headheight is too small (12.0pt): 
(fancyhdr)                Make it at least 14.49998pt, for example:
(fancyhdr)                \setlength{\headheight}{14.49998pt}.
(fancyhdr)                You might also make \topmargin smaller:
(fancyhdr)                \addtolength{\topmargin}{-2.49998pt}.

[7]
Underfull \hbox (badness 10000) in paragraph at lines 55--56

 []


Underfull \hbox (badness 10000) in paragraph at lines 57--58

 []


Underfull \hbox (badness 10000) in paragraph at lines 59--60

 []


Underfull \hbox (badness 10000) in paragraph at lines 65--67

 []




Package fancyhdr Warning: \headheight is too small (12.0pt): 
(fancyhdr)                Make it at least 14.49998pt, for example:
(fancyhdr)                \setlength{\headheight}{14.49998pt}.
(fancyhdr)                You might also make \topmargin smaller:
(fancyhdr)                \addtolength{\topmargin}{-2.49998pt}.

[8]
Underfull \hbox (badness 10000) in paragraph at lines 68--69

 []


Underfull \hbox (badness 10000) in paragraph at lines 70--71

 []


Underfull \hbox (badness 10000) in paragraph at lines 77--78

 []

<figures/feasability-training-vr.png, id=782, 1793.9522pt x 762.59906pt>
File: figures/feasability-training-vr.png Graphic file (type png)
<use figures/feasability-training-vr.png>
Package pdftex.def Info: figures/feasability-training-vr.png  used on input lin
e 81.
(pdftex.def)             Requested size: 455.24411pt x 193.51183pt.

LaTeX Warning: `!h' float specifier changed to `!ht'.


Underfull \hbox (badness 10000) in paragraph at lines 86--87

 []




Package fancyhdr Warning: \headheight is too small (12.0pt): 
(fancyhdr)                Make it at least 27.18335pt, for example:
(fancyhdr)                \setlength{\headheight}{27.18335pt}.
(fancyhdr)                You might also make \topmargin smaller:
(fancyhdr)                \addtolength{\topmargin}{-15.18335pt}.

[9]
Underfull \hbox (badness 10000) in paragraph at lines 97--99

 []




Package fancyhdr Warning: \headheight is too small (12.0pt): 
(fancyhdr)                Make it at least 27.18335pt, for example:
(fancyhdr)                \setlength{\headheight}{27.18335pt}.
(fancyhdr)                You might also make \topmargin smaller:
(fancyhdr)                \addtolength{\topmargin}{-15.18335pt}.

[10 <./figures/feasability-training-vr.png>]
Underfull \hbox (badness 10000) in paragraph at lines 100--101

 []


Underfull \hbox (badness 10000) in paragraph at lines 113--114

 []


Underfull \hbox (badness 10000) in paragraph at lines 115--116

 []




Package fancyhdr Warning: \headheight is too small (12.0pt): 
(fancyhdr)                Make it at least 14.49998pt, for example:
(fancyhdr)                \setlength{\headheight}{14.49998pt}.
(fancyhdr)                You might also make \topmargin smaller:
(fancyhdr)                \addtolength{\topmargin}{-2.49998pt}.

[11]
<figures/virtual-rock-concert.png, id=810, 1218.80344pt x 1205.2528pt>
File: figures/virtual-rock-concert.png Graphic file (type png)
<use figures/virtual-rock-concert.png>
Package pdftex.def Info: figures/virtual-rock-concert.png  used on input line 1
19.
(pdftex.def)             Requested size: 318.66948pt x 315.12384pt.

Underfull \hbox (badness 10000) in paragraph at lines 124--126

 []




Package fancyhdr Warning: \headheight is too small (12.0pt): 
(fancyhdr)                Make it at least 14.49998pt, for example:
(fancyhdr)                \setlength{\headheight}{14.49998pt}.
(fancyhdr)                You might also make \topmargin smaller:
(fancyhdr)                \addtolength{\topmargin}{-2.49998pt}.

[12 <./figures/virtual-rock-concert.png>]
Underfull \hbox (badness 10000) in paragraph at lines 127--129

 []


Underfull \hbox (badness 10000) in paragraph at lines 136--137

 []


Underfull \hbox (badness 10000) in paragraph at lines 138--139

 []




Package fancyhdr Warning: \headheight is too small (12.0pt): 
(fancyhdr)                Make it at least 14.49998pt, for example:
(fancyhdr)                \setlength{\headheight}{14.49998pt}.
(fancyhdr)                You might also make \topmargin smaller:
(fancyhdr)                \addtolength{\topmargin}{-2.49998pt}.

[13]
Underfull \hbox (badness 10000) in paragraph at lines 140--141

 []


Underfull \hbox (badness 10000) in paragraph at lines 144--145

 []


Underfull \hbox (badness 10000) in paragraph at lines 150--151

 []




Package fancyhdr Warning: \headheight is too small (12.0pt): 
(fancyhdr)                Make it at least 27.18335pt, for example:
(fancyhdr)                \setlength{\headheight}{27.18335pt}.
(fancyhdr)                You might also make \topmargin smaller:
(fancyhdr)                \addtolength{\topmargin}{-15.18335pt}.

[14]
<figures/glemarec-etal-arousal-valence.png, id=831, 662.475pt x 483.30562pt>
File: figures/glemarec-etal-arousal-valence.png Graphic file (type png)
<use figures/glemarec-etal-arousal-valence.png>
Package pdftex.def Info: figures/glemarec-etal-arousal-valence.png  used on inp
ut line 154.
(pdftex.def)             Requested size: 227.62206pt x 166.05478pt.

Underfull \hbox (badness 10000) in paragraph at lines 159--161

 []


Underfull \hbox (badness 10000) in paragraph at lines 162--163

 []

<figures/crowds-glemarec.png, id=836, 913.91437pt x 1018.55531pt>
File: figures/crowds-glemarec.png Graphic file (type png)
<use figures/crowds-glemarec.png>
Package pdftex.def Info: figures/crowds-glemarec.png  used on input line 166.
(pdftex.def)             Requested size: 227.62206pt x 253.6746pt.

LaTeX Warning: `!h' float specifier changed to `!ht'.




Package fancyhdr Warning: \headheight is too small (12.0pt): 
(fancyhdr)                Make it at least 27.18335pt, for example:
(fancyhdr)                \setlength{\headheight}{27.18335pt}.
(fancyhdr)                You might also make \topmargin smaller:
(fancyhdr)                \addtolength{\topmargin}{-15.18335pt}.

[15 <./figures/glemarec-etal-arousal-valence.png>]
Underfull \hbox (badness 10000) in paragraph at lines 181--182

 []




Package fancyhdr Warning: \headheight is too small (12.0pt): 
(fancyhdr)                Make it at least 27.18335pt, for example:
(fancyhdr)                \setlength{\headheight}{27.18335pt}.
(fancyhdr)                You might also make \topmargin smaller:
(fancyhdr)                \addtolength{\topmargin}{-15.18335pt}.

[16 <./figures/crowds-glemarec.png>]
Underfull \hbox (badness 10000) in paragraph at lines 191--192

 []


Underfull \hbox (badness 10000) in paragraph at lines 193--194

 []




Package fancyhdr Warning: \headheight is too small (12.0pt): 
(fancyhdr)                Make it at least 27.18335pt, for example:
(fancyhdr)                \setlength{\headheight}{27.18335pt}.
(fancyhdr)                You might also make \topmargin smaller:
(fancyhdr)                \addtolength{\topmargin}{-15.18335pt}.

[17]
Underfull \hbox (badness 10000) in paragraph at lines 195--196

 []


Underfull \hbox (badness 10000) in paragraph at lines 201--202

 []


Underfull \hbox (badness 10000) in paragraph at lines 207--208

 []




Package fancyhdr Warning: \headheight is too small (12.0pt): 
(fancyhdr)                Make it at least 27.18335pt, for example:
(fancyhdr)                \setlength{\headheight}{27.18335pt}.
(fancyhdr)                You might also make \topmargin smaller:
(fancyhdr)                \addtolength{\topmargin}{-15.18335pt}.

[18]
Underfull \hbox (badness 10000) in paragraph at lines 209--210

 []


Underfull \hbox (badness 10000) in paragraph at lines 218--219

 []


Underfull \hbox (badness 10000) in paragraph at lines 220--223

 []




Package fancyhdr Warning: \headheight is too small (12.0pt): 
(fancyhdr)                Make it at least 14.49998pt, for example:
(fancyhdr)                \setlength{\headheight}{14.49998pt}.
(fancyhdr)                You might also make \topmargin smaller:
(fancyhdr)                \addtolength{\topmargin}{-2.49998pt}.

[19]
Underfull \hbox (badness 5637) in paragraph at lines 230--230
[]|[]\OT1/cmr/m/n/12 Stinson and
 []


Underfull \hbox (badness 10000) in paragraph at lines 230--230
\OT1/cmr/m/n/12 Bow-man[]
 []


Underfull \hbox (badness 2376) in paragraph at lines 230--230
[]|\OT1/cmr/m/n/12 indirectly, and in
 []


Underfull \hbox (badness 1062) in paragraph at lines 232--233
[]|\OT1/cmr/m/n/12 improve on non-sport-
 []


Underfull \hbox (badness 10000) in paragraph at lines 234--234
[]|[]\OT1/cmr/m/n/12 Gl^^Semarec
 []


Underfull \hbox (badness 6477) in paragraph at lines 236--237
\OT1/cmr/m/n/12 rapeutic pur-poses on
 []


Overfull \hbox (31.79323pt too wide) in paragraph at lines 226--239
 [] 
 []


Underfull \hbox (badness 10000) in paragraph at lines 244--245

 []

)


Package fancyhdr Warning: \headheight is too small (12.0pt): 
(fancyhdr)                Make it at least 14.49998pt, for example:
(fancyhdr)                \setlength{\headheight}{14.49998pt}.
(fancyhdr)                You might also make \topmargin smaller:
(fancyhdr)                \addtolength{\topmargin}{-2.49998pt}.

[20]
\openout2 = `Design.aux'.

(Design.tex
Chapter 3.

Underfull \hbox (badness 10000) in paragraph at lines 14--18

 []



[21




]
Underfull \hbox (badness 10000) in paragraph at lines 27--28

 []




Package fancyhdr Warning: \headheight is too small (12.0pt): 
(fancyhdr)                Make it at least 14.49998pt, for example:
(fancyhdr)                \setlength{\headheight}{14.49998pt}.
(fancyhdr)                You might also make \topmargin smaller:
(fancyhdr)                \addtolength{\topmargin}{-2.49998pt}.

[22]
Underfull \hbox (badness 10000) in paragraph at lines 34--35

 []




Package fancyhdr Warning: \headheight is too small (12.0pt): 
(fancyhdr)                Make it at least 14.49998pt, for example:
(fancyhdr)                \setlength{\headheight}{14.49998pt}.
(fancyhdr)                You might also make \topmargin smaller:
(fancyhdr)                \addtolength{\topmargin}{-2.49998pt}.

[23]
Underfull \hbox (badness 10000) in paragraph at lines 61--63

 []


Underfull \hbox (badness 10000) in paragraph at lines 64--66

 []


Underfull \hbox (badness 10000) in paragraph at lines 67--69

 []




Package fancyhdr Warning: \headheight is too small (12.0pt): 
(fancyhdr)                Make it at least 14.49998pt, for example:
(fancyhdr)                \setlength{\headheight}{14.49998pt}.
(fancyhdr)                You might also make \topmargin smaller:
(fancyhdr)                \addtolength{\topmargin}{-2.49998pt}.

[24]
Underfull \hbox (badness 10000) in paragraph at lines 70--72

 []


Underfull \hbox (badness 10000) in paragraph at lines 83--85

 []


Underfull \hbox (badness 10000) in paragraph at lines 86--87

 []




Package fancyhdr Warning: \headheight is too small (12.0pt): 
(fancyhdr)                Make it at least 14.49998pt, for example:
(fancyhdr)                \setlength{\headheight}{14.49998pt}.
(fancyhdr)                You might also make \topmargin smaller:
(fancyhdr)                \addtolength{\topmargin}{-2.49998pt}.

[25]
Underfull \hbox (badness 10000) in paragraph at lines 90--91

 []


Underfull \hbox (badness 10000) in paragraph at lines 92--95

 []


Underfull \hbox (badness 10000) in paragraph at lines 96--97

 []




Package fancyhdr Warning: \headheight is too small (12.0pt): 
(fancyhdr)                Make it at least 14.49998pt, for example:
(fancyhdr)                \setlength{\headheight}{14.49998pt}.
(fancyhdr)                You might also make \topmargin smaller:
(fancyhdr)                \addtolength{\topmargin}{-2.49998pt}.

[26]
Underfull \hbox (badness 10000) in paragraph at lines 98--99

 []


Underfull \hbox (badness 10000) in paragraph at lines 106--108

 []


Underfull \hbox (badness 10000) in paragraph at lines 113--115

 []




Package fancyhdr Warning: \headheight is too small (12.0pt): 
(fancyhdr)                Make it at least 14.49998pt, for example:
(fancyhdr)                \setlength{\headheight}{14.49998pt}.
(fancyhdr)                You might also make \topmargin smaller:
(fancyhdr)                \addtolength{\topmargin}{-2.49998pt}.

[27]
Underfull \hbox (badness 10000) in paragraph at lines 116--118

 []


Underfull \hbox (badness 10000) in paragraph at lines 119--120

 []


Underfull \hbox (badness 10000) in paragraph at lines 126--128

 []

)


Package fancyhdr Warning: \headheight is too small (12.0pt): 
(fancyhdr)                Make it at least 14.49998pt, for example:
(fancyhdr)                \setlength{\headheight}{14.49998pt}.
(fancyhdr)                You might also make \topmargin smaller:
(fancyhdr)                \addtolength{\topmargin}{-2.49998pt}.

[28]


Package fancyhdr Warning: \headheight is too small (12.0pt): 
(fancyhdr)                Make it at least 14.49998pt, for example:
(fancyhdr)                \setlength{\headheight}{14.49998pt}.
(fancyhdr)                You might also make \topmargin smaller:
(fancyhdr)                \addtolength{\topmargin}{-2.49998pt}.

[29]
\openout2 = `Implementation.aux'.

(Implementation.tex
Chapter 4.
(C:\Users\joshe\AppData\Local\Programs\MiKTeX\tex/latex/listings\lstlang1.sty
File: lstlang1.sty 2024/09/23 1.10c listings language file
)
Underfull \hbox (badness 10000) in paragraph at lines 11--13

 []

<figures/volleggball.jpg, id=1011, 1445.4pt x 813.0375pt>
File: figures/volleggball.jpg Graphic file (type jpg)
<use figures/volleggball.jpg>
Package pdftex.def Info: figures/volleggball.jpg  used on input line 18.
(pdftex.def)             Requested size: 364.19667pt x 204.85924pt.

LaTeX Warning: `!h' float specifier changed to `!ht'.


Underfull \hbox (badness 10000) in paragraph at lines 25--27

 []



[30




]
Underfull \hbox (badness 10000) in paragraph at lines 28--29

 []




Package fancyhdr Warning: \headheight is too small (12.0pt): 
(fancyhdr)                Make it at least 14.49998pt, for example:
(fancyhdr)                \setlength{\headheight}{14.49998pt}.
(fancyhdr)                You might also make \topmargin smaller:
(fancyhdr)                \addtolength{\topmargin}{-2.49998pt}.

[31 <./figures/volleggball.jpg>]
Overfull \hbox (24.9648pt too wide) in paragraph at lines 34--38
\OT1/cmr/m/n/12 From the pack-aged pre-fabs, this project also lever-ages the i
m-ple-men-ta-tion of grab-interactables,
 []


Underfull \hbox (badness 10000) in paragraph at lines 34--38

 []


Underfull \hbox (badness 10000) in paragraph at lines 39--40

 []


Underfull \hbox (badness 10000) in paragraph at lines 43--44

 []




Package fancyhdr Warning: \headheight is too small (12.0pt): 
(fancyhdr)                Make it at least 14.49998pt, for example:
(fancyhdr)                \setlength{\headheight}{14.49998pt}.
(fancyhdr)                You might also make \topmargin smaller:
(fancyhdr)                \addtolength{\topmargin}{-2.49998pt}.

[32]
<figures/crowd-screenshot.png, id=1063, 2433.09pt x 1090.82532pt>
File: figures/crowd-screenshot.png Graphic file (type png)
<use figures/crowd-screenshot.png>
Package pdftex.def Info: figures/crowd-screenshot.png  used on input line 47.
(pdftex.def)             Requested size: 455.24411pt x 204.09648pt.

Underfull \hbox (badness 10000) in paragraph at lines 52--53

 []


Underfull \hbox (badness 10000) in paragraph at lines 54--56

 []




Package fancyhdr Warning: \headheight is too small (12.0pt): 
(fancyhdr)                Make it at least 14.49998pt, for example:
(fancyhdr)                \setlength{\headheight}{14.49998pt}.
(fancyhdr)                You might also make \topmargin smaller:
(fancyhdr)                \addtolength{\topmargin}{-2.49998pt}.

[33 <./figures/crowd-screenshot.png>]
Underfull \hbox (badness 10000) in paragraph at lines 62--63

 []


Underfull \hbox (badness 10000) in paragraph at lines 64--65

 []


Underfull \hbox (badness 10000) in paragraph at lines 66--67

 []


Underfull \hbox (badness 10000) in paragraph at lines 68--71

 []




Package fancyhdr Warning: \headheight is too small (12.0pt): 
(fancyhdr)                Make it at least 14.49998pt, for example:
(fancyhdr)                \setlength{\headheight}{14.49998pt}.
(fancyhdr)                You might also make \topmargin smaller:
(fancyhdr)                \addtolength{\topmargin}{-2.49998pt}.

[34]
Underfull \hbox (badness 10000) in paragraph at lines 72--73

 []


Underfull \hbox (badness 10000) in paragraph at lines 74--76

 []


Underfull \hbox (badness 10000) in paragraph at lines 77--78

 []

<figures/ball-collider.png, id=1082, 880.03781pt x 862.72313pt>
File: figures/ball-collider.png Graphic file (type png)
<use figures/ball-collider.png>
Package pdftex.def Info: figures/ball-collider.png  used on input line 81.
(pdftex.def)             Requested size: 273.14923pt x 267.77051pt.

LaTeX Warning: `!h' float specifier changed to `!ht'.

<figures/court-top-down.png, id=1090, 1744.26656pt x 885.3075pt>
File: figures/court-top-down.png Graphic file (type png)
<use figures/court-top-down.png>
Package pdftex.def Info: figures/court-top-down.png  used on input line 95.
(pdftex.def)             Requested size: 364.19667pt x 184.83936pt.

LaTeX Warning: `!h' float specifier changed to `!ht'.


Underfull \hbox (badness 10000) in paragraph at lines 100--102

 []




Package fancyhdr Warning: \headheight is too small (12.0pt): 
(fancyhdr)                Make it at least 14.49998pt, for example:
(fancyhdr)                \setlength{\headheight}{14.49998pt}.
(fancyhdr)                You might also make \topmargin smaller:
(fancyhdr)                \addtolength{\topmargin}{-2.49998pt}.

[35]


Package fancyhdr Warning: \headheight is too small (12.0pt): 
(fancyhdr)                Make it at least 14.49998pt, for example:
(fancyhdr)                \setlength{\headheight}{14.49998pt}.
(fancyhdr)                You might also make \topmargin smaller:
(fancyhdr)                \addtolength{\topmargin}{-2.49998pt}.

[36 <./figures/ball-collider.png> <./figures/court-top-down.png>]
Underfull \hbox (badness 10000) in paragraph at lines 103--104

 []


Underfull \hbox (badness 10000) in paragraph at lines 105--106

 []

<figures/court-bounds.png, id=1102, 1746.525pt x 1011.78pt>
File: figures/court-bounds.png Graphic file (type png)
<use figures/court-bounds.png>
Package pdftex.def Info: figures/court-bounds.png  used on input line 111.
(pdftex.def)             Requested size: 364.19667pt x 210.98253pt.

LaTeX Warning: `!h' float specifier changed to `!ht'.


Underfull \hbox (badness 10000) in paragraph at lines 116--117

 []


Underfull \hbox (badness 10000) in paragraph at lines 120--122

 []




Package fancyhdr Warning: \headheight is too small (12.0pt): 
(fancyhdr)                Make it at least 14.49998pt, for example:
(fancyhdr)                \setlength{\headheight}{14.49998pt}.
(fancyhdr)                You might also make \topmargin smaller:
(fancyhdr)                \addtolength{\topmargin}{-2.49998pt}.

[37]
<figures/ball-lifetime.png, id=1111, 824.07875pt x 233.87375pt>
File: figures/ball-lifetime.png Graphic file (type png)
<use figures/ball-lifetime.png>
Package pdftex.def Info: figures/ball-lifetime.png  used on input line 125.
(pdftex.def)             Requested size: 364.19667pt x 103.35797pt.

LaTeX Warning: `!h' float specifier changed to `!ht'.


Underfull \hbox (badness 10000) in paragraph at lines 130--132

 []




Package fancyhdr Warning: \headheight is too small (12.0pt): 
(fancyhdr)                Make it at least 14.49998pt, for example:
(fancyhdr)                \setlength{\headheight}{14.49998pt}.
(fancyhdr)                You might also make \topmargin smaller:
(fancyhdr)                \addtolength{\topmargin}{-2.49998pt}.

[38 <./figures/court-bounds.png>]
Underfull \hbox (badness 10000) in paragraph at lines 133--135

 []


Underfull \hbox (badness 10000) in paragraph at lines 136--137

 []




Package fancyhdr Warning: \headheight is too small (12.0pt): 
(fancyhdr)                Make it at least 14.49998pt, for example:
(fancyhdr)                \setlength{\headheight}{14.49998pt}.
(fancyhdr)                You might also make \topmargin smaller:
(fancyhdr)                \addtolength{\topmargin}{-2.49998pt}.

[39 <./figures/ball-lifetime.png>]
Underfull \hbox (badness 10000) in paragraph at lines 148--150

 []


Underfull \hbox (badness 10000) in paragraph at lines 151--154

 []


Underfull \hbox (badness 10000) in paragraph at lines 155--156

 []




Package fancyhdr Warning: \headheight is too small (12.0pt): 
(fancyhdr)                Make it at least 14.49998pt, for example:
(fancyhdr)                \setlength{\headheight}{14.49998pt}.
(fancyhdr)                You might also make \topmargin smaller:
(fancyhdr)                \addtolength{\topmargin}{-2.49998pt}.

[40]
Underfull \hbox (badness 10000) in paragraph at lines 157--158

 []


Underfull \hbox (badness 10000) in paragraph at lines 161--162

 []

<figures/curve-1hh.png, id=1131, 523.20468pt x 709.90219pt>
File: figures/curve-1hh.png Graphic file (type png)
<use figures/curve-1hh.png>
Package pdftex.def Info: figures/curve-1hh.png  used on input line 173.
(pdftex.def)             Requested size: 227.62206pt x 308.83745pt.



Package fancyhdr Warning: \headheight is too small (12.0pt): 
(fancyhdr)                Make it at least 14.49998pt, for example:
(fancyhdr)                \setlength{\headheight}{14.49998pt}.
(fancyhdr)                You might also make \topmargin smaller:
(fancyhdr)                \addtolength{\topmargin}{-2.49998pt}.

[41]
Underfull \hbox (badness 10000) in paragraph at lines 178--179

 []


Underfull \hbox (badness 10000) in paragraph at lines 182--184

 []




Package fancyhdr Warning: \headheight is too small (12.0pt): 
(fancyhdr)                Make it at least 14.49998pt, for example:
(fancyhdr)                \setlength{\headheight}{14.49998pt}.
(fancyhdr)                You might also make \topmargin smaller:
(fancyhdr)                \addtolength{\topmargin}{-2.49998pt}.

[42 <./figures/curve-1hh.png>]
Underfull \hbox (badness 10000) in paragraph at lines 186--188

 []

<figures/curve-set.png, id=1143, 534.49687pt x 1135.24126pt>
File: figures/curve-set.png Graphic file (type png)
<use figures/curve-set.png>
Package pdftex.def Info: figures/curve-set.png  used on input line 191.
(pdftex.def)             Requested size: 273.14923pt x 580.17795pt.



Package fancyhdr Warning: \headheight is too small (12.0pt): 
(fancyhdr)                Make it at least 14.49998pt, for example:
(fancyhdr)                \setlength{\headheight}{14.49998pt}.
(fancyhdr)                You might also make \topmargin smaller:
(fancyhdr)                \addtolength{\topmargin}{-2.49998pt}.

[43]
Underfull \hbox (badness 10000) in paragraph at lines 195--197

 []




Package fancyhdr Warning: \headheight is too small (12.0pt): 
(fancyhdr)                Make it at least 14.49998pt, for example:
(fancyhdr)                \setlength{\headheight}{14.49998pt}.
(fancyhdr)                You might also make \topmargin smaller:
(fancyhdr)                \addtolength{\topmargin}{-2.49998pt}.

[44 <./figures/curve-set.png>]
<figures/set-aim.png, id=1155, 785.93625pt x 494.59781pt>
File: figures/set-aim.png Graphic file (type png)
<use figures/set-aim.png>
Package pdftex.def Info: figures/set-aim.png  used on input line 200.
(pdftex.def)             Requested size: 364.19667pt x 229.20071pt.

Underfull \hbox (badness 10000) in paragraph at lines 207--209

 []

<figures/dig-aim.png, id=1156, 838.63312pt x 581.92406pt>
File: figures/dig-aim.png Graphic file (type png)
<use figures/dig-aim.png>
Package pdftex.def Info: figures/dig-aim.png  used on input line 212.
(pdftex.def)             Requested size: 364.19667pt x 252.70871pt.



Package fancyhdr Warning: \headheight is too small (12.0pt): 
(fancyhdr)                Make it at least 14.49998pt, for example:
(fancyhdr)                \setlength{\headheight}{14.49998pt}.
(fancyhdr)                You might also make \topmargin smaller:
(fancyhdr)                \addtolength{\topmargin}{-2.49998pt}.

[45 <./figures/set-aim.png>]
Underfull \hbox (badness 10000) in paragraph at lines 217--219

 []

<figures/sketch-dig.png, id=1163, 1256.44406pt x 1092.33093pt>
File: figures/sketch-dig.png Graphic file (type png)
<use figures/sketch-dig.png>
Package pdftex.def Info: figures/sketch-dig.png  used on input line 224.
(pdftex.def)             Requested size: 318.66948pt x 277.03229pt.



Package fancyhdr Warning: \headheight is too small (12.0pt): 
(fancyhdr)                Make it at least 14.49998pt, for example:
(fancyhdr)                \setlength{\headheight}{14.49998pt}.
(fancyhdr)                You might also make \topmargin smaller:
(fancyhdr)                \addtolength{\topmargin}{-2.49998pt}.

[46 <./figures/dig-aim.png>]
Underfull \hbox (badness 10000) in paragraph at lines 238--241

 []




Package fancyhdr Warning: \headheight is too small (12.0pt): 
(fancyhdr)                Make it at least 14.49998pt, for example:
(fancyhdr)                \setlength{\headheight}{14.49998pt}.
(fancyhdr)                You might also make \topmargin smaller:
(fancyhdr)                \addtolength{\topmargin}{-2.49998pt}.

[47 <./figures/sketch-dig.png>])


Package fancyhdr Warning: \headheight is too small (12.0pt): 
(fancyhdr)                Make it at least 14.49998pt, for example:
(fancyhdr)                \setlength{\headheight}{14.49998pt}.
(fancyhdr)                You might also make \topmargin smaller:
(fancyhdr)                \addtolength{\topmargin}{-2.49998pt}.

[48]
\openout2 = `Evaluation.aux'.

(Evaluation.tex
Chapter 5.

Underfull \hbox (badness 10000) in paragraph at lines 4--6

 []


Underfull \hbox (badness 10000) in paragraph at lines 10--12

 []

<figures/demographics-age.png, id=1186, 1347.53438pt x 1073.51062pt>
File: figures/demographics-age.png Graphic file (type png)
<use figures/demographics-age.png>
Package pdftex.def Info: figures/demographics-age.png  used on input line 16.
(pdftex.def)             Requested size: 318.66948pt x 253.86392pt.
<figures/demographics-gender.png, id=1187, 1368.61313pt x 1067.48813pt>
File: figures/demographics-gender.png Graphic file (type png)
<use figures/demographics-gender.png>
Package pdftex.def Info: figures/demographics-gender.png  used on input line 17
.
(pdftex.def)             Requested size: 318.66948pt x 248.54677pt.
<figures/demographics-vr-experience.png, id=1188, 1823.31187pt x 1044.15094pt>
File: figures/demographics-vr-experience.png Graphic file (type png)
<use figures/demographics-vr-experience.png>
Package pdftex.def Info: figures/demographics-vr-experience.png  used on input 
line 29.
(pdftex.def)             Requested size: 409.71692pt x 234.62111pt.
<figures/demographics-vb-experience.png, id=1189, 1287.30937pt x 1066.7353pt>
File: figures/demographics-vb-experience.png Graphic file (type png)
<use figures/demographics-vb-experience.png>
Package pdftex.def Info: figures/demographics-vb-experience.png  used on input 
line 30.
(pdftex.def)             Requested size: 318.66948pt x 264.06256pt.

Underfull \hbox (badness 10000) in paragraph at lines 38--41

 []



[49




]


Package fancyhdr Warning: \headheight is too small (12.0pt): 
(fancyhdr)                Make it at least 14.49998pt, for example:
(fancyhdr)                \setlength{\headheight}{14.49998pt}.
(fancyhdr)                You might also make \topmargin smaller:
(fancyhdr)                \addtolength{\topmargin}{-2.49998pt}.

[50 <./figures/demographics-age.png> <./figures/demographics-gender.png>]


Package fancyhdr Warning: \headheight is too small (12.0pt): 
(fancyhdr)                Make it at least 14.49998pt, for example:
(fancyhdr)                \setlength{\headheight}{14.49998pt}.
(fancyhdr)                You might also make \topmargin smaller:
(fancyhdr)                \addtolength{\topmargin}{-2.49998pt}.

[51 <./figures/demographics-vr-experience.png> <./figures/demographics-vb-exper
ience.png>]
Underfull \hbox (badness 10000) in paragraph at lines 44--45

 []


Underfull \hbox (badness 10000) in paragraph at lines 48--50

 []


Underfull \hbox (badness 10000) in paragraph at lines 51--52

 []




Package fancyhdr Warning: \headheight is too small (12.0pt): 
(fancyhdr)                Make it at least 14.49998pt, for example:
(fancyhdr)                \setlength{\headheight}{14.49998pt}.
(fancyhdr)                You might also make \topmargin smaller:
(fancyhdr)                \addtolength{\topmargin}{-2.49998pt}.

[52]
Overfull \hbox (9.37537pt too wide) in paragraph at lines 61--73
 [] 
 []


Underfull \hbox (badness 10000) in paragraph at lines 78--79

 []


Overfull \hbox (9.37537pt too wide) in paragraph at lines 82--94
 [] 
 []


LaTeX Warning: `!h' float specifier changed to `!ht'.


LaTeX Warning: `!h' float specifier changed to `!ht'.

<figures/GP_nStateChanges.png, id=1225, 856.19875pt x 504.88625pt>
File: figures/GP_nStateChanges.png Graphic file (type png)
<use figures/GP_nStateChanges.png>
Package pdftex.def Info: figures/GP_nStateChanges.png  used on input line 123.
(pdftex.def)             Requested size: 364.19667pt x 214.76254pt.

LaTeX Warning: `!h' float specifier changed to `!ht'.


Underfull \hbox (badness 10000) in paragraph at lines 135--136

 []




Package fancyhdr Warning: \headheight is too small (12.0pt): 
(fancyhdr)                Make it at least 14.49998pt, for example:
(fancyhdr)                \setlength{\headheight}{14.49998pt}.
(fancyhdr)                You might also make \topmargin smaller:
(fancyhdr)                \addtolength{\topmargin}{-2.49998pt}.

[53]
<figures/GP_Enjoyment.png, id=1234, 1924.18875pt x 1079.53313pt>
File: figures/GP_Enjoyment.png Graphic file (type png)
<use figures/GP_Enjoyment.png>
Package pdftex.def Info: figures/GP_Enjoyment.png  used on input line 139.
(pdftex.def)             Requested size: 364.19667pt x 204.32275pt.

LaTeX Warning: `!h' float specifier changed to `!ht'.


Underfull \hbox (badness 10000) in paragraph at lines 144--145

 []

<figures/GP_BallHandling.png, id=1239, 1921.93031pt x 1080.28593pt>
File: figures/GP_BallHandling.png Graphic file (type png)
<use figures/GP_BallHandling.png>
Package pdftex.def Info: figures/GP_BallHandling.png  used on input line 148.
(pdftex.def)             Requested size: 364.19667pt x 204.696pt.

LaTeX Warning: `!h' float specifier changed to `!ht'.


Underfull \hbox (badness 10000) in paragraph at lines 153--154

 []




Package fancyhdr Warning: \headheight is too small (12.0pt): 
(fancyhdr)                Make it at least 14.49998pt, for example:
(fancyhdr)                \setlength{\headheight}{14.49998pt}.
(fancyhdr)                You might also make \topmargin smaller:
(fancyhdr)                \addtolength{\topmargin}{-2.49998pt}.

[54]
<figures/GP_UIComfort.png, id=1249, 1916.66063pt x 1079.53313pt>
File: figures/GP_UIComfort.png Graphic file (type png)
<use figures/GP_UIComfort.png>
Package pdftex.def Info: figures/GP_UIComfort.png  used on input line 157.
(pdftex.def)             Requested size: 364.19667pt x 205.1299pt.



Package fancyhdr Warning: \headheight is too small (12.0pt): 
(fancyhdr)                Make it at least 14.49998pt, for example:
(fancyhdr)                \setlength{\headheight}{14.49998pt}.
(fancyhdr)                You might also make \topmargin smaller:
(fancyhdr)                \addtolength{\topmargin}{-2.49998pt}.

[55 <./figures/GP_nStateChanges.png (PNG copy)> <./figures/GP_Enjoyment.png>]
Overfull \hbox (36.8069pt too wide) in paragraph at lines 166--171
 [][] 
 []


Underfull \hbox (badness 10000) in paragraph at lines 177--178

 []




Package fancyhdr Warning: \headheight is too small (12.0pt): 
(fancyhdr)                Make it at least 14.49998pt, for example:
(fancyhdr)                \setlength{\headheight}{14.49998pt}.
(fancyhdr)                You might also make \topmargin smaller:
(fancyhdr)                \addtolength{\topmargin}{-2.49998pt}.

[56 <./figures/GP_BallHandling.png> <./figures/GP_UIComfort.png>]
<figures/CR_Satisfaction.png, id=1264, 1345.27594pt x 1146.53343pt>
File: figures/CR_Satisfaction.png Graphic file (type png)
<use figures/CR_Satisfaction.png>
Package pdftex.def Info: figures/CR_Satisfaction.png  used on input line 181.
(pdftex.def)             Requested size: 364.19667pt x 310.39041pt.

Underfull \hbox (badness 10000) in paragraph at lines 186--188

 []




Package fancyhdr Warning: \headheight is too small (12.0pt): 
(fancyhdr)                Make it at least 14.49998pt, for example:
(fancyhdr)                \setlength{\headheight}{14.49998pt}.
(fancyhdr)                You might also make \topmargin smaller:
(fancyhdr)                \addtolength{\topmargin}{-2.49998pt}.

[57 <./figures/CR_Satisfaction.png>]
<figures/CR_PromptFreq.png, id=1273, 1921.93031pt x 1078.78032pt>
File: figures/CR_PromptFreq.png Graphic file (type png)
<use figures/CR_PromptFreq.png>
Package pdftex.def Info: figures/CR_PromptFreq.png  used on input line 191.
(pdftex.def)             Requested size: 364.19667pt x 204.41072pt.

Underfull \hbox (badness 10000) in paragraph at lines 196--199

 []

<figures/CR_AffectMostComfy.png, id=1280, 1921.1775pt x 1078.0275pt>
File: figures/CR_AffectMostComfy.png Graphic file (type png)
<use figures/CR_AffectMostComfy.png>
Package pdftex.def Info: figures/CR_AffectMostComfy.png  used on input line 202
.
(pdftex.def)             Requested size: 364.19667pt x 204.35031pt.

LaTeX Warning: `!h' float specifier changed to `!ht'.

<figures/CR_AffectLeastComfy.png, id=1283, 1921.93031pt x 1083.29718pt>
File: figures/CR_AffectLeastComfy.png Graphic file (type png)
<use figures/CR_AffectLeastComfy.png>
Package pdftex.def Info: figures/CR_AffectLeastComfy.png  used on input line 20
9.
(pdftex.def)             Requested size: 364.19667pt x 205.26659pt.

LaTeX Warning: `!h' float specifier changed to `!ht'.


Underfull \hbox (badness 10000) in paragraph at lines 214--215

 []

<figures/CR_Nat.png, id=1288, 1918.16624pt x 1081.03876pt>
File: figures/CR_Nat.png Graphic file (type png)
<use figures/CR_Nat.png>
Package pdftex.def Info: figures/CR_Nat.png  used on input line 218.
(pdftex.def)             Requested size: 364.19667pt x 205.25104pt.

LaTeX Warning: `!h' float specifier changed to `!ht'.


Underfull \hbox (badness 10000) in paragraph at lines 231--231
[]|\OT1/cmr/m/n/12 Explanation on crowd
 []


Overfull \hbox (36.8069pt too wide) in paragraph at lines 227--233
 [][] 
 []




Package fancyhdr Warning: \headheight is too small (12.0pt): 
(fancyhdr)                Make it at least 14.49998pt, for example:
(fancyhdr)                \setlength{\headheight}{14.49998pt}.
(fancyhdr)                You might also make \topmargin smaller:
(fancyhdr)                \addtolength{\topmargin}{-2.49998pt}.

[58 <./figures/CR_PromptFreq.png>]


Package fancyhdr Warning: \headheight is too small (12.0pt): 
(fancyhdr)                Make it at least 14.49998pt, for example:
(fancyhdr)                \setlength{\headheight}{14.49998pt}.
(fancyhdr)                You might also make \topmargin smaller:
(fancyhdr)                \addtolength{\topmargin}{-2.49998pt}.

[59 <./figures/CR_AffectMostComfy.png> <./figures/CR_AffectLeastComfy.png>]
Underfull \hbox (badness 1478) in paragraph at lines 257--257
[]|\OT1/cmr/m/n/12 Expressed a his-tory of, or con-cerns
 []


LaTeX Warning: `!h' float specifier changed to `!ht'.




Package fancyhdr Warning: \headheight is too small (12.0pt): 
(fancyhdr)                Make it at least 14.49998pt, for example:
(fancyhdr)                \setlength{\headheight}{14.49998pt}.
(fancyhdr)                You might also make \topmargin smaller:
(fancyhdr)                \addtolength{\topmargin}{-2.49998pt}.

[60 <./figures/CR_Nat.png>]
Underfull \hbox (badness 10000) in paragraph at lines 272--273

 []


Underfull \hbox (badness 10000) in paragraph at lines 274--277

 []

<figures/GP_BallHandling_x_LowEnjoyment.png, id=1312, 1918.91907pt x 1077.27469
pt>
File: figures/GP_BallHandling_x_LowEnjoyment.png Graphic file (type png)
<use figures/GP_BallHandling_x_LowEnjoyment.png>
Package pdftex.def Info: figures/GP_BallHandling_x_LowEnjoyment.png  used on in
put line 281.
(pdftex.def)             Requested size: 273.14923pt x 153.33241pt.
<figures/GP_UIComfort_x_LowEnjoyment.png, id=1313, 1919.67188pt x 1078.0275pt>
File: figures/GP_UIComfort_x_LowEnjoyment.png Graphic file (type png)
<use figures/GP_UIComfort_x_LowEnjoyment.png>
Package pdftex.def Info: figures/GP_UIComfort_x_LowEnjoyment.png  used on input
 line 282.
(pdftex.def)             Requested size: 273.14923pt x 153.39021pt.
<figures/CR_PromptFreq_x_LowEnjoyment.png, id=1314, 1920.42468pt x 1077.27469pt
>
File: figures/CR_PromptFreq_x_LowEnjoyment.png Graphic file (type png)
<use figures/CR_PromptFreq_x_LowEnjoyment.png>
Package pdftex.def Info: figures/CR_PromptFreq_x_LowEnjoyment.png  used on inpu
t line 283.
(pdftex.def)             Requested size: 273.14923pt x 153.21735pt.

Underfull \hbox (badness 10000) in paragraph at lines 289--291

 []




Package fancyhdr Warning: \headheight is too small (12.0pt): 
(fancyhdr)                Make it at least 14.49998pt, for example:
(fancyhdr)                \setlength{\headheight}{14.49998pt}.
(fancyhdr)                You might also make \topmargin smaller:
(fancyhdr)                \addtolength{\topmargin}{-2.49998pt}.

[61]


Package fancyhdr Warning: \headheight is too small (12.0pt): 
(fancyhdr)                Make it at least 14.49998pt, for example:
(fancyhdr)                \setlength{\headheight}{14.49998pt}.
(fancyhdr)                You might also make \topmargin smaller:
(fancyhdr)                \addtolength{\topmargin}{-2.49998pt}.

[62 <./figures/GP_BallHandling_x_LowEnjoyment.png> <./figures/GP_UIComfort_x_Lo
wEnjoyment.png> <./figures/CR_PromptFreq_x_LowEnjoyment.png>]
<figures/GP_BallHandling_x_VRExp.png, id=1331, 1918.91907pt x 1080.28593pt>
File: figures/GP_BallHandling_x_VRExp.png Graphic file (type png)
<use figures/GP_BallHandling_x_VRExp.png>
Package pdftex.def Info: figures/GP_BallHandling_x_VRExp.png  used on input lin
e 295.
(pdftex.def)             Requested size: 273.14923pt x 153.76102pt.
<figures/GP_UIComfort_x_VRExp.png, id=1332, 1922.68312pt x 1083.29718pt>
File: figures/GP_UIComfort_x_VRExp.png Graphic file (type png)
<use figures/GP_UIComfort_x_VRExp.png>
Package pdftex.def Info: figures/GP_UIComfort_x_VRExp.png  used on input line 2
96.
(pdftex.def)             Requested size: 273.14923pt x 153.89209pt.
<figures/CR_PromptFreq_x_VRExp.png, id=1333, 1921.1775pt x 1080.28593pt>
File: figures/CR_PromptFreq_x_VRExp.png Graphic file (type png)
<use figures/CR_PromptFreq_x_VRExp.png>
Package pdftex.def Info: figures/CR_PromptFreq_x_VRExp.png  used on input line 
297.
(pdftex.def)             Requested size: 273.14923pt x 153.5797pt.

Underfull \hbox (badness 10000) in paragraph at lines 303--304

 []


Underfull \hbox (badness 10000) in paragraph at lines 309--311

 []

<figures/CR_AffectLeast_x_HighAffectMost.png, id=1344, 1921.1775pt x 1080.28593
pt>
File: figures/CR_AffectLeast_x_HighAffectMost.png Graphic file (type png)
<use figures/CR_AffectLeast_x_HighAffectMost.png>
Package pdftex.def Info: figures/CR_AffectLeast_x_HighAffectMost.png  used on i
nput line 314.
(pdftex.def)             Requested size: 364.19667pt x 204.77843pt.

Underfull \hbox (badness 10000) in paragraph at lines 319--321

 []


Underfull \hbox (badness 10000) in paragraph at lines 322--323

 []




Package fancyhdr Warning: \headheight is too small (12.0pt): 
(fancyhdr)                Make it at least 14.49998pt, for example:
(fancyhdr)                \setlength{\headheight}{14.49998pt}.
(fancyhdr)                You might also make \topmargin smaller:
(fancyhdr)                \addtolength{\topmargin}{-2.49998pt}.

[63]


Package fancyhdr Warning: \headheight is too small (12.0pt): 
(fancyhdr)                Make it at least 14.49998pt, for example:
(fancyhdr)                \setlength{\headheight}{14.49998pt}.
(fancyhdr)                You might also make \topmargin smaller:
(fancyhdr)                \addtolength{\topmargin}{-2.49998pt}.

[64 <./figures/GP_BallHandling_x_VRExp.png> <./figures/GP_UIComfort_x_VRExp.png
> <./figures/CR_PromptFreq_x_VRExp.png>]
Underfull \hbox (badness 10000) in paragraph at lines 324--327

 []


Underfull \hbox (badness 10000) in paragraph at lines 328--329

 []




Package fancyhdr Warning: \headheight is too small (12.0pt): 
(fancyhdr)                Make it at least 14.49998pt, for example:
(fancyhdr)                \setlength{\headheight}{14.49998pt}.
(fancyhdr)                You might also make \topmargin smaller:
(fancyhdr)                \addtolength{\topmargin}{-2.49998pt}.

[65 <./figures/CR_AffectLeast_x_HighAffectMost.png>]
Underfull \hbox (badness 10000) in paragraph at lines 330--331

 []


Underfull \hbox (badness 10000) in paragraph at lines 334--336

 []


Underfull \hbox (badness 10000) in paragraph at lines 339--340

 []


Underfull \hbox (badness 10000) in paragraph at lines 341--343

 []




Package fancyhdr Warning: \headheight is too small (12.0pt): 
(fancyhdr)                Make it at least 14.49998pt, for example:
(fancyhdr)                \setlength{\headheight}{14.49998pt}.
(fancyhdr)                You might also make \topmargin smaller:
(fancyhdr)                \addtolength{\topmargin}{-2.49998pt}.

[66]
Underfull \hbox (badness 10000) in paragraph at lines 344--345

 []


Underfull \hbox (badness 10000) in paragraph at lines 351--352

 []


Underfull \hbox (badness 10000) in paragraph at lines 353--354

 []

)


Package fancyhdr Warning: \headheight is too small (12.0pt): 
(fancyhdr)                Make it at least 14.49998pt, for example:
(fancyhdr)                \setlength{\headheight}{14.49998pt}.
(fancyhdr)                You might also make \topmargin smaller:
(fancyhdr)                \addtolength{\topmargin}{-2.49998pt}.

[67]


Package fancyhdr Warning: \headheight is too small (12.0pt): 
(fancyhdr)                Make it at least 14.49998pt, for example:
(fancyhdr)                \setlength{\headheight}{14.49998pt}.
(fancyhdr)                You might also make \topmargin smaller:
(fancyhdr)                \addtolength{\topmargin}{-2.49998pt}.

[68]
\openout2 = `Conclusions.aux'.

(Conclusions.tex
Chapter 6.

Underfull \hbox (badness 10000) in paragraph at lines 4--6

 []


Underfull \hbox (badness 10000) in paragraph at lines 12--13

 []


Underfull \hbox (badness 10000) in paragraph at lines 14--16

 []



[69




]
Underfull \hbox (badness 10000) in paragraph at lines 17--18

 []


Underfull \hbox (badness 10000) in paragraph at lines 19--21

 []


Underfull \hbox (badness 10000) in paragraph at lines 26--27

 []


Underfull \hbox (badness 10000) in paragraph at lines 28--31

 []




Package fancyhdr Warning: \headheight is too small (12.0pt): 
(fancyhdr)                Make it at least 14.49998pt, for example:
(fancyhdr)                \setlength{\headheight}{14.49998pt}.
(fancyhdr)                You might also make \topmargin smaller:
(fancyhdr)                \addtolength{\topmargin}{-2.49998pt}.

[70]
Underfull \hbox (badness 10000) in paragraph at lines 32--35

 []

)


Package fancyhdr Warning: \headheight is too small (12.0pt): 
(fancyhdr)                Make it at least 14.49998pt, for example:
(fancyhdr)                \setlength{\headheight}{14.49998pt}.
(fancyhdr)                You might also make \topmargin smaller:
(fancyhdr)                \addtolength{\topmargin}{-2.49998pt}.

[71] (thesis.bbl
Overfull \hbox (92.55603pt too wide) in paragraph at lines 31--37
\OT1/cmtt/m/n/12 premier-[]league-[]clubs-[]virtual-[]reality-[]heal-[]injuries
-[]recreate-[]pressure-[]training-[]1635232 ?
 []



[72



]


Package fancyhdr Warning: \headheight is too small (12.0pt): 
(fancyhdr)                Make it at least 14.49998pt, for example:
(fancyhdr)                \setlength{\headheight}{14.49998pt}.
(fancyhdr)                You might also make \topmargin smaller:
(fancyhdr)                \addtolength{\topmargin}{-2.49998pt}.

[73]


Package fancyhdr Warning: \headheight is too small (12.0pt): 
(fancyhdr)                Make it at least 14.49998pt, for example:
(fancyhdr)                \setlength{\headheight}{14.49998pt}.
(fancyhdr)                You might also make \topmargin smaller:
(fancyhdr)                \addtolength{\topmargin}{-2.49998pt}.

[74]
Underfull \hbox (badness 10000) in paragraph at lines 227--232
\OT1/cmtt/m/n/12 com / Packages / com . unity . physics @ 6 . 6 / manual / conc
epts-[]simulation . html$[]\OT1/cmr/m/n/12 ,
 []


Underfull \hbox (badness 10000) in paragraph at lines 234--239
\OT1/cmtt/m/n/12 com / 6000 . 0 / Documentation / ScriptReference / Rigidbody-[
]angularDamping . html$[]\OT1/cmr/m/n/12 ,
 []


Underfull \hbox (badness 1354) in paragraph at lines 241--244
[]\OT1/cmr/m/n/12 Unity Tech-nolo-gies (2026c).  Unity en-gine.  []$\OT1/cmtt/m
/n/12 https : / / www . unity . com/$[]\OT1/cmr/m/n/12 , ac-cessed
 []

)


Package fancyhdr Warning: \headheight is too small (12.0pt): 
(fancyhdr)                Make it at least 14.49998pt, for example:
(fancyhdr)                \setlength{\headheight}{14.49998pt}.
(fancyhdr)                You might also make \topmargin smaller:
(fancyhdr)                \addtolength{\topmargin}{-2.49998pt}.

[75]
\openout2 = `appendix1.aux'.

(appendix1.tex
Underfull \hbox (badness 10000) in paragraph at lines 4--5

 []


Underfull \hbox (badness 10000) in paragraph at lines 6--10

 []


Underfull \hbox (badness 10000) in paragraph at lines 11--12

 []

)

[76


]
<pil.pdf, id=1450, 597.50829pt x 845.0471pt>
File: pil.pdf Graphic file (type pdf)
<use pil.pdf>
Package pdftex.def Info: pil.pdf  used on input line 238.
(pdftex.def)             Requested size: 597.50682pt x 845.04504pt.
<pil.pdf, id=1452, page=1, 597.50829pt x 845.0471pt>
File: pil.pdf Graphic file (type pdf)
<use pil.pdf, page 1>
Package pdftex.def Info: pil.pdf , page1 used on input line 238.
(pdftex.def)             Requested size: 597.50682pt x 845.04504pt.
File: pil.pdf Graphic file (type pdf)
<use pil.pdf, page 1>
Package pdftex.def Info: pil.pdf , page1 used on input line 238.
(pdftex.def)             Requested size: 597.53416pt x 845.08372pt.


[77



]
File: pil.pdf Graphic file (type pdf)
<use pil.pdf, page 1>
Package pdftex.def Info: pil.pdf , page1 used on input line 238.
(pdftex.def)             Requested size: 597.53416pt x 845.08372pt.
File: pil.pdf Graphic file (type pdf)
<use pil.pdf, page 1>
Package pdftex.def Info: pil.pdf , page1 used on input line 238.
(pdftex.def)             Requested size: 597.53416pt x 845.08372pt.


File: pil.pdf Graphic file (type pdf)
<use pil.pdf, page 1>
Package pdftex.def Info: pil.pdf , page1 used on input line 238.
(pdftex.def)             Requested size: 597.53416pt x 845.08372pt.
[78

 <./pil.pdf>]
<pil.pdf, id=1476, page=2, 597.50829pt x 845.0471pt>
File: pil.pdf Graphic file (type pdf)
<use pil.pdf, page 2>
Package pdftex.def Info: pil.pdf , page2 used on input line 238.
(pdftex.def)             Requested size: 597.53416pt x 845.08372pt.
File: pil.pdf Graphic file (type pdf)
<use pil.pdf, page 2>
Package pdftex.def Info: pil.pdf , page2 used on input line 238.
(pdftex.def)             Requested size: 597.53416pt x 845.08372pt.


File: pil.pdf Graphic file (type pdf)
<use pil.pdf, page 2>
Package pdftex.def Info: pil.pdf , page2 used on input line 238.
(pdftex.def)             Requested size: 597.53416pt x 845.08372pt.
[79

 <./pil.pdf>]
<pil.pdf, id=1488, page=3, 597.50829pt x 845.0471pt>
File: pil.pdf Graphic file (type pdf)
<use pil.pdf, page 3>
Package pdftex.def Info: pil.pdf , page3 used on input line 238.
(pdftex.def)             Requested size: 597.53416pt x 845.08372pt.
File: pil.pdf Graphic file (type pdf)
<use pil.pdf, page 3>
Package pdftex.def Info: pil.pdf , page3 used on input line 238.
(pdftex.def)             Requested size: 597.53416pt x 845.08372pt.


File: pil.pdf Graphic file (type pdf)
<use pil.pdf, page 3>
Package pdftex.def Info: pil.pdf , page3 used on input line 238.
(pdftex.def)             Requested size: 597.53416pt x 845.08372pt.
[80

 <./pil.pdf>]
<pil.pdf, id=1499, page=4, 597.50829pt x 845.0471pt>
File: pil.pdf Graphic file (type pdf)
<use pil.pdf, page 4>
Package pdftex.def Info: pil.pdf , page4 used on input line 238.
(pdftex.def)             Requested size: 597.53416pt x 845.08372pt.
File: pil.pdf Graphic file (type pdf)
<use pil.pdf, page 4>
Package pdftex.def Info: pil.pdf , page4 used on input line 238.
(pdftex.def)             Requested size: 597.53416pt x 845.08372pt.


File: pil.pdf Graphic file (type pdf)
<use pil.pdf, page 4>
Package pdftex.def Info: pil.pdf , page4 used on input line 238.
(pdftex.def)             Requested size: 597.53416pt x 845.08372pt.
[81

 <./pil.pdf>]
<pil.pdf, id=1504, page=5, 597.50829pt x 845.0471pt>
File: pil.pdf Graphic file (type pdf)
<use pil.pdf, page 5>
Package pdftex.def Info: pil.pdf , page5 used on input line 238.
(pdftex.def)             Requested size: 597.53416pt x 845.08372pt.
File: pil.pdf Graphic file (type pdf)
<use pil.pdf, page 5>
Package pdftex.def Info: pil.pdf , page5 used on input line 238.
(pdftex.def)             Requested size: 597.53416pt x 845.08372pt.


File: pil.pdf Graphic file (type pdf)
<use pil.pdf, page 5>
Package pdftex.def Info: pil.pdf , page5 used on input line 238.
(pdftex.def)             Requested size: 597.53416pt x 845.08372pt.
[82

 <./pil.pdf>]
<pil.pdf, id=1509, page=6, 597.50829pt x 845.0471pt>
File: pil.pdf Graphic file (type pdf)
<use pil.pdf, page 6>
Package pdftex.def Info: pil.pdf , page6 used on input line 238.
(pdftex.def)             Requested size: 597.53416pt x 845.08372pt.
File: pil.pdf Graphic file (type pdf)
<use pil.pdf, page 6>
Package pdftex.def Info: pil.pdf , page6 used on input line 238.
(pdftex.def)             Requested size: 597.53416pt x 845.08372pt.


File: pil.pdf Graphic file (type pdf)
<use pil.pdf, page 6>
Package pdftex.def Info: pil.pdf , page6 used on input line 238.
(pdftex.def)             Requested size: 597.53416pt x 845.08372pt.
[83

 <./pil.pdf>]
<pil.pdf, id=1520, page=7, 597.50829pt x 845.0471pt>
File: pil.pdf Graphic file (type pdf)
<use pil.pdf, page 7>
Package pdftex.def Info: pil.pdf , page7 used on input line 238.
(pdftex.def)             Requested size: 597.53416pt x 845.08372pt.
File: pil.pdf Graphic file (type pdf)
<use pil.pdf, page 7>
Package pdftex.def Info: pil.pdf , page7 used on input line 238.
(pdftex.def)             Requested size: 597.53416pt x 845.08372pt.


File: pil.pdf Graphic file (type pdf)
<use pil.pdf, page 7>
Package pdftex.def Info: pil.pdf , page7 used on input line 238.
(pdftex.def)             Requested size: 597.53416pt x 845.08372pt.
[84

 <./pil.pdf>]
<icf.pdf, id=1525, 597.50829pt x 845.0471pt>
File: icf.pdf Graphic file (type pdf)
<use icf.pdf>
Package pdftex.def Info: icf.pdf  used on input line 240.
(pdftex.def)             Requested size: 597.50682pt x 845.04504pt.
<icf.pdf, id=1527, page=1, 597.50829pt x 845.0471pt>
File: icf.pdf Graphic file (type pdf)
<use icf.pdf, page 1>
Package pdftex.def Info: icf.pdf , page1 used on input line 240.
(pdftex.def)             Requested size: 597.50682pt x 845.04504pt.
File: icf.pdf Graphic file (type pdf)
<use icf.pdf, page 1>
Package pdftex.def Info: icf.pdf , page1 used on input line 240.
(pdftex.def)             Requested size: 597.53416pt x 845.08372pt.


[85

]
File: icf.pdf Graphic file (type pdf)
<use icf.pdf, page 1>
Package pdftex.def Info: icf.pdf , page1 used on input line 240.
(pdftex.def)             Requested size: 597.53416pt x 845.08372pt.
File: icf.pdf Graphic file (type pdf)
<use icf.pdf, page 1>
Package pdftex.def Info: icf.pdf , page1 used on input line 240.
(pdftex.def)             Requested size: 597.53416pt x 845.08372pt.


File: icf.pdf Graphic file (type pdf)
<use icf.pdf, page 1>
Package pdftex.def Info: icf.pdf , page1 used on input line 240.
(pdftex.def)             Requested size: 597.53416pt x 845.08372pt.
[86

 <./icf.pdf>]
<icf.pdf, id=1548, page=2, 597.50829pt x 845.0471pt>
File: icf.pdf Graphic file (type pdf)
<use icf.pdf, page 2>
Package pdftex.def Info: icf.pdf , page2 used on input line 240.
(pdftex.def)             Requested size: 597.53416pt x 845.08372pt.
File: icf.pdf Graphic file (type pdf)
<use icf.pdf, page 2>
Package pdftex.def Info: icf.pdf , page2 used on input line 240.
(pdftex.def)             Requested size: 597.53416pt x 845.08372pt.


File: icf.pdf Graphic file (type pdf)
<use icf.pdf, page 2>
Package pdftex.def Info: icf.pdf , page2 used on input line 240.
(pdftex.def)             Requested size: 597.53416pt x 845.08372pt.
[87

 <./icf.pdf>]
\openout2 = `appendix4.aux'.

(appendix4.tex

[88


]
Underfull \hbox (badness 10000) in paragraph at lines 94--95

 []




Package fancyhdr Warning: \headheight is too small (12.0pt): 
(fancyhdr)                Make it at least 14.49998pt, for example:
(fancyhdr)                \setlength{\headheight}{14.49998pt}.
(fancyhdr)                You might also make \topmargin smaller:
(fancyhdr)                \addtolength{\topmargin}{-2.49998pt}.

[89])


Package fancyhdr Warning: \headheight is too small (12.0pt): 
(fancyhdr)                Make it at least 14.49998pt, for example:
(fancyhdr)                \setlength{\headheight}{14.49998pt}.
(fancyhdr)                You might also make \topmargin smaller:
(fancyhdr)                \addtolength{\topmargin}{-2.49998pt}.

[90] (thesis.aux (Introduction.aux) (StateOfTheArt.aux) (Design.aux) (Implement
ation.aux) (Evaluation.aux) (Conclusions.aux) (appendix1.aux) (appendix4.aux))
 ***********
LaTeX2e <2025-06-01> patch level 1
L3 programming layer <2025-08-13>
 ***********
Package rerunfilecheck Info: File `thesis.out' has not changed.
(rerunfilecheck)             Checksum: C619EF8F3753ECFDB0DBD4517CF8E5BF;11180.
 ) 
Here is how much of TeX's memory you used:
 22242 strings out of 468133
 418480 string characters out of 5430711
 1036643 words of memory out of 5000000
 50285 multiletter control sequences out of 15000+600000
 635960 words of font info for 71 fonts, out of 8000000 for 9000
 1141 hyphenation exceptions out of 8191
 75i,17n,80p,2497b,711s stack positions out of 10000i,1000n,20000p,200000b,200000s
 <C:\Users\joshe\AppData\Local\MiKTeX\fonts/pk/ljfour/jknappen/ec/dpi600\tcrm
1200.pk><C:/Users/joshe/AppData/Local/Programs/MiKTeX/fonts/type1/public/amsfon
ts/cm/cmbx10.pfb><C:/Users/joshe/AppData/Local/Programs/MiKTeX/fonts/type1/publ
ic/amsfonts/cm/cmbx12.pfb><C:/Users/joshe/AppData/Local/Programs/MiKTeX/fonts/t
ype1/public/amsfonts/cm/cmcsc10.pfb><C:/Users/joshe/AppData/Local/Programs/MiKT
eX/fonts/type1/public/amsfonts/cm/cmmi12.pfb><C:/Users/joshe/AppData/Local/Prog
rams/MiKTeX/fonts/type1/public/amsfonts/cm/cmmi8.pfb><C:/Users/joshe/AppData/Lo
cal/Programs/MiKTeX/fonts/type1/public/amsfonts/cm/cmr10.pfb><C:/Users/joshe/Ap
pData/Local/Programs/MiKTeX/fonts/type1/public/amsfonts/cm/cmr12.pfb><C:/Users/
joshe/AppData/Local/Programs/MiKTeX/fonts/type1/public/amsfonts/cm/cmr6.pfb><C:
/Users/joshe/AppData/Local/Programs/MiKTeX/fonts/type1/public/amsfonts/cm/cmr8.
pfb><C:/Users/joshe/AppData/Local/Programs/MiKTeX/fonts/type1/public/amsfonts/c
m/cmsl12.pfb><C:/Users/joshe/AppData/Local/Programs/MiKTeX/fonts/type1/public/a
msfonts/cm/cmsy10.pfb><C:/Users/joshe/AppData/Local/Programs/MiKTeX/fonts/type1
/public/amsfonts/cm/cmsy8.pfb><C:/Users/joshe/AppData/Local/Programs/MiKTeX/fon
ts/type1/public/amsfonts/cm/cmti10.pfb><C:/Users/joshe/AppData/Local/Programs/M
iKTeX/fonts/type1/public/amsfonts/cm/cmti12.pfb><C:/Users/joshe/AppData/Local/P
rograms/MiKTeX/fonts/type1/public/amsfonts/cm/cmtt12.pfb><C:/Users/joshe/AppDat
a/Local/Programs/MiKTeX/fonts/type1/public/tex-gyre/qtmr.pfb><C:/Users/joshe/Ap
pData/Local/Programs/MiKTeX/fonts/type1/public/newtx/txsys.pfb><C:/Users/joshe/
AppData/Local/Programs/MiKTeX/fonts/type1/public/newtx/ztmb.pfb><C:/Users/joshe
/AppData/Local/Programs/MiKTeX/fonts/type1/public/newtx/ztmr.pfb><C:/Users/josh
e/AppData/Local/Programs/MiKTeX/fonts/type1/public/newtx/ztmri.pfb>
Output written on thesis.pdf (102 pages, 26892407 bytes).
PDF statistics:
 1706 PDF objects out of 1728 (max. 8388607)
 269 named destinations out of 1000 (max. 500000)
 758 words of extra memory for PDF output out of 10000 (max. 10000000)

